[2026-08-28 05:08:23.128Z] [INFO   ] [MIL-ENGINE-START  ] 🚀 Iniciando Motor de Telemetria Nível Militar v4.0 (CASOSEX)
[2026-08-28 05:08:23.128Z] [INFO   ] [REDIS-INSPECT     ] Conectando ao Redis em 127.0.0.1:6396...
[2026-08-28 05:08:23.130Z] [SUCCESS] [REDIS-INSPECT     ] BOA Score: 0.5000 | Protocol: ACTIVE_v1.0.0
[2026-08-28 05:08:23.131Z] [SUCCESS] [REDIS-INSPECT     ] Commit Hash: 57cc456fd | Stage Act: SELADO INGESTÃO FERRARI v2.0 · 490 novos / 1672 cached em 627.1ms (Commit 57cc456fd)
[2026-08-28 05:08:23.131Z] [INFO   ] [QDRANT-INSPECT    ] Inspecionando cluster de vetores Qdrant (:6352)...
[2026-08-28 05:08:23.144Z] [SUCCESS] [QDRANT-INSPECT    ] casosex-inspiration (tag=app-jury): 96 pontos
[2026-08-28 05:08:23.144Z] [SUCCESS] [QDRANT-INSPECT    ] casosex-self (tag=v8_cockpit): 405 pontos
[2026-08-28 05:08:23.144Z] [INFO   ] [EMBED-INSPECT     ] Consultando telemetria do Embed Server mpnet 768d (:8081)...
[2026-08-28 05:08:23.144Z] [SUCCESS] [EMBED-INSPECT     ] Embed Status: unknown | Model: 768d
[2026-08-28 05:08:23.144Z] [INFO   ] [IPC-INSPECT       ] Verificando IPC Ringbuffer em /media/jeffer/RSXT/ast_ringbuffer.ipc...
[2026-08-28 05:08:23.144Z] [SUCCESS] [IPC-INSPECT       ] IPC Ringbuffer Found: True | Size: 93356 bytes
[2026-08-28 05:08:23.144Z] [INFO   ] [SPEC-HASHING      ] Iniciando Hashing Zero-Copy BLAKE2b dos Artefatos em docs/spec/mobile-app-first...
[2026-08-28 05:08:23.145Z] [TRACE  ] [SPEC-HASHING      ] 📄 andes-ui-tokens.yaml             -> a589d601ef95c842... (1875 bytes)
[2026-08-28 05:08:23.145Z] [TRACE  ] [SPEC-HASHING      ] 📄 assets-catalog.yaml              -> 000ca3e8866db58b... (16634 bytes)
[2026-08-28 05:08:23.145Z] [TRACE  ] [SPEC-HASHING      ] 📄 component-routes-metadata.yaml   -> eb292b0fb2742648... (6617 bytes)
[2026-08-28 05:08:23.145Z] [TRACE  ] [SPEC-HASHING      ] 📄 deep-links-routes.yaml           -> ff6a595ed6f334b9... (2577 bytes)
[2026-08-28 05:08:23.146Z] [TRACE  ] [SPEC-HASHING      ] 📄 design-tokens-full.json          -> 1f442302f5148b17... (360824 bytes)
[2026-08-28 05:08:23.146Z] [TRACE  ] [SPEC-HASHING      ] 📄 dimens-spacing.yaml              -> e88a3d02e287f51d... (3291 bytes)
[2026-08-28 05:08:23.146Z] [TRACE  ] [SPEC-HASHING      ] 📄 index.yaml                       -> 4f30040f0727ed14... (2184 bytes)
[2026-08-28 05:08:23.147Z] [TRACE  ] [SPEC-HASHING      ] 📄 interactive-states-actions.yaml  -> 9c2eb0655bab5423... (880 bytes)
[2026-08-28 05:08:23.147Z] [TRACE  ] [SPEC-HASHING      ] 📄 master-design-system.json        -> 65a638c3f7486db8... (77539 bytes)
[2026-08-28 05:08:23.147Z] [TRACE  ] [SPEC-HASHING      ] 📄 mercadopago_home_v2.451.1.slint  -> 839dc42bf5eda702... (12378 bytes)
[2026-08-28 05:08:23.148Z] [TRACE  ] [SPEC-HASHING      ] 📄 mercadopago_sdui_ir_v2.451.1.json -> 83448301bb987a93... (121202 bytes)
[2026-08-28 05:08:23.148Z] [TRACE  ] [SPEC-HASHING      ] 📄 micro-copy-ptbr.yaml             -> 2a078cf3b0eb9ebc... (1123 bytes)
[2026-08-28 05:08:23.148Z] [TRACE  ] [SPEC-HASHING      ] 📄 motion-animations.yaml           -> c77346e24f62e757... (1259 bytes)
[2026-08-28 05:08:23.149Z] [TRACE  ] [SPEC-HASHING      ] 📄 screen_mp_home_v2.451.1.png      -> bd41baf627f52bfe... (154459 bytes)
[2026-08-28 05:08:23.149Z] [TRACE  ] [SPEC-HASHING      ] 📄 vm-rust-android-conversa-full.md -> 6d55565a858335f6... (346 bytes)
[2026-08-28 05:08:23.149Z] [TRACE  ] [SPEC-HASHING      ] 📄 vm-rust-android.json             -> 7118ff706093f3c3... (82388 bytes)
[2026-08-28 05:08:23.150Z] [TRACE  ] [SPEC-HASHING      ] 📄 vm-rust-android.md               -> 0bffe804ff6b313a... (47365 bytes)
[2026-08-28 05:08:23.150Z] [INFO   ] [CODE-HASHING      ] Iniciando Hashing Zero-Copy BLAKE2b do Codebase em apps/v8-cockpit/src...
[2026-08-28 05:08:23.150Z] [SUCCESS] [MIL-ENGINE-COMPLETE] 🎉 Telemetria Nível Militar Concluída com Sucesso em 21.57 ms!
[2026-08-28 05:08:23.150Z] [INFO   ] [DOSSIER-SAVE      ] Dossiê Militar Completo salvo em: /media/jeffer/5aab5a95-8290-d3f7-2e4f-8c27cc2d09a93/CASOSEX/apps/v8_26-08-2026/military_telemetry_dossier.json
